{
  "version": "1.5.0",
  "plugins_used": [
    {
      "name": "ArtifactoryDetector"
    },
    {
      "name": "AWSKeyDetector"
    },
    {
      "name": "AzureStorageKeyDetector"
    },
    {
      "name": "Base64HighEntropyString",
      "limit": 4.5
    },
    {
      "name": "BasicAuthDetector"
    },
    {
      "name": "CloudantDetector"
    },
    {
      "name": "DiscordBotTokenDetector"
    },
    {
      "name": "GitHubTokenDetector"
    },
    {
      "name": "GitLabTokenDetector"
    },
    {
      "name": "HexHighEntropyString",
      "limit": 3.0
    },
    {
      "name": "IbmCloudIamDetector"
    },
    {
      "name": "IbmCosHmacDetector"
    },
    {
      "name": "IPPublicDetector"
    },
    {
      "name": "JwtTokenDetector"
    },
    {
      "name": "KeywordDetector",
      "keyword_exclude": ""
    },
    {
      "name": "MailchimpDetector"
    },
    {
      "name": "NpmDetector"
    },
    {
      "name": "OpenAIDetector"
    },
    {
      "name": "PrivateKeyDetector"
    },
    {
      "name": "PypiTokenDetector"
    },
    {
      "name": "SendGridDetector"
    },
    {
      "name": "SlackDetector"
    },
    {
      "name": "SoftlayerDetector"
    },
    {
      "name": "SquareOAuthDetector"
    },
    {
      "name": "StripeDetector"
    },
    {
      "name": "TelegramBotTokenDetector"
    },
    {
      "name": "TwilioKeyDetector"
    }
  ],
  "filters_used": [
    {
      "path": "detect_secrets.filters.allowlist.is_line_allowlisted"
    },
    {
      "path": "detect_secrets.filters.common.is_baseline_file",
      "filename": ".secrets.baseline"
    },
    {
      "path": "detect_secrets.filters.common.is_ignored_due_to_verification_policies",
      "min_level": 2
    },
    {
      "path": "detect_secrets.filters.heuristic.is_indirect_reference"
    },
    {
      "path": "detect_secrets.filters.heuristic.is_likely_id_string"
    },
    {
      "path": "detect_secrets.filters.heuristic.is_lock_file"
    },
    {
      "path": "detect_secrets.filters.heuristic.is_not_alphanumeric_string"
    },
    {
      "path": "detect_secrets.filters.heuristic.is_potential_uuid"
    },
    {
      "path": "detect_secrets.filters.heuristic.is_prefixed_with_dollar_sign"
    },
    {
      "path": "detect_secrets.filters.heuristic.is_sequential_string"
    },
    {
      "path": "detect_secrets.filters.heuristic.is_swagger_file"
    },
    {
      "path": "detect_secrets.filters.heuristic.is_templated_secret"
    }
  ],
  "results": {
    ".github\\workflows\\integration-tests.yml": [
      {
        "type": "Basic Auth Credentials",
        "filename": ".github\\workflows\\integration-tests.yml",
        "hashed_secret": "7b0f54b3057f224ffeb201cda5dbc84aa21b6f32",
        "is_verified": false,
        "line_number": 103,
        "is_secret": false
      }
    ],
    "Makefile": [
      {
        "type": "Basic Auth Credentials",
        "filename": "Makefile",
        "hashed_secret": "7b0f54b3057f224ffeb201cda5dbc84aa21b6f32",
        "is_verified": false,
        "line_number": 53,
        "is_secret": false
      }
    ],
    "backend\\README.md": [
      {
        "type": "Basic Auth Credentials",
        "filename": "backend\\README.md",
        "hashed_secret": "7b0f54b3057f224ffeb201cda5dbc84aa21b6f32",
        "is_verified": false,
        "line_number": 15,
        "is_secret": false
      }
    ],
    "backend\\alembic.ini": [
      {
        "type": "Basic Auth Credentials",
        "filename": "backend\\alembic.ini",
        "hashed_secret": "7b0f54b3057f224ffeb201cda5dbc84aa21b6f32",
        "is_verified": false,
        "line_number": 6,
        "is_secret": false
      }
    ],
    "backend\\alembic\\env.py": [
      {
        "type": "Basic Auth Credentials",
        "filename": "backend\\alembic\\env.py",
        "hashed_secret": "7b0f54b3057f224ffeb201cda5dbc84aa21b6f32",
        "is_verified": false,
        "line_number": 57,
        "is_secret": false
      }
    ],
    "backend\\celery_app.py": [
      {
        "type": "Basic Auth Credentials",
        "filename": "backend\\celery_app.py",
        "hashed_secret": "afc848c316af1a89d49826c5ae9d00ed769415f3",
        "is_verified": false,
        "line_number": 313,
        "is_secret": false
      }
    ],
    "backend\\core\\config.py": [
      {
        "type": "Basic Auth Credentials",
        "filename": "backend\\core\\config.py",
        "hashed_secret": "7b0f54b3057f224ffeb201cda5dbc84aa21b6f32",
        "is_verified": false,
        "line_number": 30,
        "is_secret": false
      }
    ],
    "backend\\models\\database.py": [
      {
        "type": "Basic Auth Credentials",
        "filename": "backend\\models\\database.py",
        "hashed_secret": "7b0f54b3057f224ffeb201cda5dbc84aa21b6f32",
        "is_verified": false,
        "line_number": 21,
        "is_secret": false
      }
    ],
    "backend\\pytest.ini": [
      {
        "type": "Basic Auth Credentials",
        "filename": "backend\\pytest.ini",
        "hashed_secret": "d033e22ae348aeb5660fc2140aec35850c4da997",
        "is_verified": false,
        "line_number": 13,
        "is_secret": false
      }
    ],
    "backend\\services\\tasks\\workflow_tasks.py": [
      {
        "type": "Basic Auth Credentials",
        "filename": "backend\\services\\tasks\\workflow_tasks.py",
        "hashed_secret": "7b0f54b3057f224ffeb201cda5dbc84aa21b6f32",
        "is_verified": false,
        "line_number": 31,
        "is_secret": false
      }
    ],
    "backend\\tests\\alembic\\test_downgrade_coverage.py": [
      {
        "type": "Basic Auth Credentials",
        "filename": "backend\\tests\\alembic\\test_downgrade_coverage.py",
        "hashed_secret": "7b0f54b3057f224ffeb201cda5dbc84aa21b6f32",
        "is_verified": false,
        "line_number": 21,
        "is_secret": false
      }
    ],
    "backend\\tests\\alembic\\test_downgrade_roundtrip.py": [
      {
        "type": "Basic Auth Credentials",
        "filename": "backend\\tests\\alembic\\test_downgrade_roundtrip.py",
        "hashed_secret": "7b0f54b3057f224ffeb201cda5dbc84aa21b6f32",
        "is_verified": false,
        "line_number": 16,
        "is_secret": false
      }
    ],
    "backend\\tests\\alembic\\test_downgrade_roundtrip_docker.py": [
      {
        "type": "Basic Auth Credentials",
        "filename": "backend\\tests\\alembic\\test_downgrade_roundtrip_docker.py",
        "hashed_secret": "9d4e1e23bd5b727046a9e3b4b7db57bd8d6ee684",
        "is_verified": false,
        "line_number": 23,
        "is_secret": false
      }
    ],
    "backend\\tests\\integration\\conftest.py": [
      {
        "type": "Basic Auth Credentials",
        "filename": "backend\\tests\\integration\\conftest.py",
        "hashed_secret": "7b0f54b3057f224ffeb201cda5dbc84aa21b6f32",
        "is_verified": false,
        "line_number": 25,
        "is_secret": false
      },
      {
        "type": "Secret Keyword",
        "filename": "backend\\tests\\integration\\conftest.py",
        "hashed_secret": "d033e22ae348aeb5660fc2140aec35850c4da997",
        "is_verified": false,
        "line_number": 367,
        "is_secret": false
      }
    ],
    "backend\\tests\\integration\\test_channels.py": [
      {
        "type": "Hex High Entropy String",
        "filename": "backend\\tests\\integration\\test_channels.py",
        "hashed_secret": "9eef110c706799e7b6f5fd2bfe93ee23e48489d6",
        "is_verified": false,
        "line_number": 129,
        "is_secret": false
      }
    ],
    "backend\\tests\\integration\\test_security.py": [
      {
        "type": "Secret Keyword",
        "filename": "backend\\tests\\integration\\test_security.py",
        "hashed_secret": "9e5595d8fb28da3d70c2d03117b4e2e222b162c3",
        "is_verified": false,
        "line_number": 44,
        "is_secret": false
      },
      {
        "type": "Secret Keyword",
        "filename": "backend\\tests\\integration\\test_security.py",
        "hashed_secret": "c1e1b7e6b1602021868c178f6af86b4284ce910c",
        "is_verified": false,
        "line_number": 219,
        "is_secret": false
      },
      {
        "type": "Secret Keyword",
        "filename": "backend\\tests\\integration\\test_security.py",
        "hashed_secret": "5a3b4e36d9cb1565e19e7fb03881d05c9650b133",
        "is_verified": false,
        "line_number": 251,
        "is_secret": false
      },
      {
        "type": "Secret Keyword",
        "filename": "backend\\tests\\integration\\test_security.py",
        "hashed_secret": "f2b14f68eb995facb3a1c35287b778d5bd785511",
        "is_verified": false,
        "line_number": 279,
        "is_secret": false
      }
    ],
    "backend\\tests\\load\\seed_db.py": [
      {
        "type": "Secret Keyword",
        "filename": "backend\\tests\\load\\seed_db.py",
        "hashed_secret": "d033e22ae348aeb5660fc2140aec35850c4da997",
        "is_verified": false,
        "line_number": 23,
        "is_secret": false
      }
    ],
    "docs\\ALEMBIC_MIGRATIONS.md": [
      {
        "type": "Basic Auth Credentials",
        "filename": "docs\\ALEMBIC_MIGRATIONS.md",
        "hashed_secret": "7b0f54b3057f224ffeb201cda5dbc84aa21b6f32",
        "is_verified": false,
        "line_number": 26,
        "is_secret": false
      }
    ],
    "docs\\plans\\mcp-revocation-plan.md": [
      {
        "type": "Basic Auth Credentials",
        "filename": "docs\\plans\\mcp-revocation-plan.md",
        "hashed_secret": "7b0f54b3057f224ffeb201cda5dbc84aa21b6f32",
        "is_verified": false,
        "line_number": 15,
        "is_secret": false
      }
    ],
    "frontend\\src\\pages\\DeveloperPortalPage.tsx": [
      {
        "type": "Secret Keyword",
        "filename": "frontend\\src\\pages\\DeveloperPortalPage.tsx",
        "hashed_secret": "a2f2e97de6f7af39a9f208854d9106322af07d27",
        "is_verified": false,
        "line_number": 75,
        "is_secret": false
      }
    ],
    "scripts\\run_downgrade_test.bat": [
      {
        "type": "Basic Auth Credentials",
        "filename": "scripts\\run_downgrade_test.bat",
        "hashed_secret": "7b0f54b3057f224ffeb201cda5dbc84aa21b6f32",
        "is_verified": false,
        "line_number": 16,
        "is_secret": false
      }
    ]
  },
  "generated_at": "2026-07-05T11:21:07Z"
}
