============================= test session starts =============================
platform win32 -- Python 3.13.12, pytest-9.0.2, pluggy-1.6.0
rootdir: E:\Agentium
plugins: anyio-4.12.1
collected 0 items / 1 error

=================================== ERRORS ====================================
____ ERROR collecting backend/tests/unit/services/test_workflow_engine.py _____
ImportError while importing test module 'e:\Agentium\backend\tests\unit\services\test_workflow_engine.py'.
Hint: make sure your test modules/packages have valid Python names.
Traceback:
C:\Users\Lenovo\AppData\Local\Programs\Python\Python313\Lib\importlib\__init__.py:88: in import_module
    return _bootstrap._gcd_import(name[level:], package, level)
           ^^^^^^^^^^^^^^^^^^^^^^^^^^^^^^^^^^^^^^^^^^^^^^^^^^^^
backend\tests\unit\services\test_workflow_engine.py:3: in <module>
    from sqlalchemy.ext.asyncio import AsyncSession
E   ModuleNotFoundError: No module named 'sqlalchemy'
=========================== short test summary info ===========================
ERROR backend/tests/unit/services/test_workflow_engine.py
!!!!!!!!!!!!!!!!!!! Interrupted: 1 error during collection !!!!!!!!!!!!!!!!!!!!
============================== 1 error in 0.19s ===============================
